Release 14.7 - xst P.20131013 (nt64)
Copyright (c) 1995-2013 Xilinx, Inc.  All rights reserved.
--> Parameter TMPDIR set to xst/projnav.tmp


Total REAL time to Xst completion: 0.00 secs
Total CPU time to Xst completion: 0.42 secs
 
--> Parameter xsthdpdir set to xst


Total REAL time to Xst completion: 0.00 secs
Total CPU time to Xst completion: 0.42 secs
 
--> Reading design: alu.prj

TABLE OF CONTENTS
  1) Synthesis Options Summary
  2) HDL Parsing
  3) HDL Elaboration
  4) HDL Synthesis
       4.1) HDL Synthesis Report
  5) Advanced HDL Synthesis
       5.1) Advanced HDL Synthesis Report
  6) Low Level Synthesis
  7) Partition Report
  8) Design Summary
       8.1) Primitive and Black Box Usage
       8.2) Device utilization summary
       8.3) Partition Resource Summary
       8.4) Timing Report
            8.4.1) Clock Information
            8.4.2) Asynchronous Control Signals Information
            8.4.3) Timing Summary
            8.4.4) Timing Details
            8.4.5) Cross Clock Domains Report


=========================================================================
*                      Synthesis Options Summary                        *
=========================================================================
---- Source Parameters
Input File Name                    : "alu.prj"
Ignore Synthesis Constraint File   : NO

---- Target Parameters
Output File Name                   : "alu"
Output Format                      : NGC
Target Device                      : xc7a100t-3-csg324

---- Source Options
Top Module Name                    : alu
Automatic FSM Extraction           : YES
FSM Encoding Algorithm             : Auto
Safe Implementation                : No
FSM Style                          : LUT
RAM Extraction                     : Yes
RAM Style                          : Auto
ROM Extraction                     : Yes
Shift Register Extraction          : YES
ROM Style                          : Auto
Resource Sharing                   : YES
Asynchronous To Synchronous        : NO
Shift Register Minimum Size        : 2
Use DSP Block                      : Auto
Automatic Register Balancing       : No

---- Target Options
LUT Combining                      : Auto
Reduce Control Sets                : Auto
Add IO Buffers                     : YES
Global Maximum Fanout              : 100000
Add Generic Clock Buffer(BUFG)     : 32
Register Duplication               : YES
Optimize Instantiated Primitives   : NO
Use Clock Enable                   : Auto
Use Synchronous Set                : Auto
Use Synchronous Reset              : Auto
Pack IO Registers into IOBs        : Auto
Equivalent register Removal        : YES

---- General Options
Optimization Goal                  : Speed
Optimization Effort                : 1
Power Reduction                    : NO
Keep Hierarchy                     : No
Netlist Hierarchy                  : As_Optimized
RTL Output                         : Yes
Global Optimization                : AllClockNets
Read Cores                         : YES
Write Timing Constraints           : NO
Cross Clock Analysis               : NO
Hierarchy Separator                : /
Bus Delimiter                      : <>
Case Specifier                     : Maintain
Slice Utilization Ratio            : 100
BRAM Utilization Ratio             : 100
DSP48 Utilization Ratio            : 100
Auto BRAM Packing                  : NO
Slice Utilization Ratio Delta      : 5

=========================================================================


=========================================================================
*                          HDL Parsing                                  *
=========================================================================
Parsing VHDL file "C:\Users\sama.co\Downloads\FarshidNooshi(9831068)_AmirForoughi(9831045)_8\8\az8plusplus\full_adder.vhd" into library work
Parsing entity <full_adder>.
INFO:HDLCompiler:1676 - "C:\Users\sama.co\Downloads\FarshidNooshi(9831068)_AmirForoughi(9831045)_8\8\az8plusplus\full_adder.vhd" Line 7. declaration of a buffer port will make it difficult for you to validate this design by simulation. It is preferable to declare it as output
Parsing architecture <boolean> of entity <full_adder>.
Parsing VHDL file "C:\Users\sama.co\Downloads\FarshidNooshi(9831068)_AmirForoughi(9831045)_8\8\az8plusplus\ripple_adder_8bit.vhd" into library work
Parsing entity <ripple_adder_8bit>.
INFO:HDLCompiler:1676 - "C:\Users\sama.co\Downloads\FarshidNooshi(9831068)_AmirForoughi(9831045)_8\8\az8plusplus\ripple_adder_8bit.vhd" Line 8. declaration of a buffer port will make it difficult for you to validate this design by simulation. It is preferable to declare it as output
Parsing architecture <arch> of entity <ripple_adder_8bit>.
INFO:HDLCompiler:1676 - "C:\Users\sama.co\Downloads\FarshidNooshi(9831068)_AmirForoughi(9831045)_8\8\az8plusplus\ripple_adder_8bit.vhd" Line 19. declaration of a buffer port will make it difficult for you to validate this design by simulation. It is preferable to declare it as output
Parsing VHDL file "C:\Users\sama.co\Downloads\FarshidNooshi(9831068)_AmirForoughi(9831045)_8\8\az8plusplus\alu.vhd" into library work
Parsing entity <alu>.
Parsing architecture <Behavioral> of entity <alu>.
INFO:HDLCompiler:1676 - "C:\Users\sama.co\Downloads\FarshidNooshi(9831068)_AmirForoughi(9831045)_8\8\az8plusplus\alu.vhd" Line 21. declaration of a buffer port will make it difficult for you to validate this design by simulation. It is preferable to declare it as output
WARNING:HDLCompiler:946 - "C:\Users\sama.co\Downloads\FarshidNooshi(9831068)_AmirForoughi(9831045)_8\8\az8plusplus\alu.vhd" Line 32: Actual for formal port b is neither a static name nor a globally static expression

=========================================================================
*                            HDL Elaboration                            *
=========================================================================

Elaborating entity <alu> (architecture <Behavioral>) from library <work>.

Elaborating entity <ripple_adder_8bit> (architecture <arch>) from library <work>.

Elaborating entity <full_adder> (architecture <boolean>) from library <work>.

=========================================================================
*                           HDL Synthesis                               *
=========================================================================

Synthesizing Unit <alu>.
    Related source file is "C:\Users\sama.co\Downloads\FarshidNooshi(9831068)_AmirForoughi(9831045)_8\8\az8plusplus\alu.vhd".
INFO:Xst:3210 - "C:\Users\sama.co\Downloads\FarshidNooshi(9831068)_AmirForoughi(9831045)_8\8\az8plusplus\alu.vhd" line 27: Output port <cout> of the instance <addition> is unconnected or connected to loadless signal.
INFO:Xst:3210 - "C:\Users\sama.co\Downloads\FarshidNooshi(9831068)_AmirForoughi(9831045)_8\8\az8plusplus\alu.vhd" line 31: Output port <cout> of the instance <subtraction> is unconnected or connected to loadless signal.
    Found 1-bit 5-to-1 multiplexer for signal <result[7]_sum[7]_MUX_13_o> created at line 39.
    Found 1-bit 5-to-1 multiplexer for signal <result[7]_sum[6]_MUX_18_o> created at line 39.
    Found 1-bit 5-to-1 multiplexer for signal <result[7]_sum[5]_MUX_23_o> created at line 39.
    Found 1-bit 5-to-1 multiplexer for signal <result[7]_sum[4]_MUX_28_o> created at line 39.
    Found 1-bit 5-to-1 multiplexer for signal <result[7]_sum[3]_MUX_33_o> created at line 39.
    Found 1-bit 5-to-1 multiplexer for signal <result[7]_sum[2]_MUX_38_o> created at line 39.
    Found 1-bit 5-to-1 multiplexer for signal <result[7]_sum[1]_MUX_43_o> created at line 39.
    Found 1-bit 5-to-1 multiplexer for signal <result[7]_sum[0]_MUX_48_o> created at line 39.
WARNING:Xst:737 - Found 1-bit latch for signal <result<6>>. Latches may be generated from incomplete case or if statements. We do not recommend the use of latches in FPGA/CPLD designs, as they may lead to timing problems.
WARNING:Xst:737 - Found 1-bit latch for signal <result<5>>. Latches may be generated from incomplete case or if statements. We do not recommend the use of latches in FPGA/CPLD designs, as they may lead to timing problems.
WARNING:Xst:737 - Found 1-bit latch for signal <result<4>>. Latches may be generated from incomplete case or if statements. We do not recommend the use of latches in FPGA/CPLD designs, as they may lead to timing problems.
WARNING:Xst:737 - Found 1-bit latch for signal <result<3>>. Latches may be generated from incomplete case or if statements. We do not recommend the use of latches in FPGA/CPLD designs, as they may lead to timing problems.
WARNING:Xst:737 - Found 1-bit latch for signal <result<2>>. Latches may be generated from incomplete case or if statements. We do not recommend the use of latches in FPGA/CPLD designs, as they may lead to timing problems.
WARNING:Xst:737 - Found 1-bit latch for signal <result<1>>. Latches may be generated from incomplete case or if statements. We do not recommend the use of latches in FPGA/CPLD designs, as they may lead to timing problems.
WARNING:Xst:737 - Found 1-bit latch for signal <result<0>>. Latches may be generated from incomplete case or if statements. We do not recommend the use of latches in FPGA/CPLD designs, as they may lead to timing problems.
WARNING:Xst:737 - Found 1-bit latch for signal <result<7>>. Latches may be generated from incomplete case or if statements. We do not recommend the use of latches in FPGA/CPLD designs, as they may lead to timing problems.
    Summary:
	inferred   8 Latch(s).
	inferred   8 Multiplexer(s).
Unit <alu> synthesized.

Synthesizing Unit <ripple_adder_8bit>.
    Related source file is "C:\Users\sama.co\Downloads\FarshidNooshi(9831068)_AmirForoughi(9831045)_8\8\az8plusplus\ripple_adder_8bit.vhd".
    Summary:
	no macro.
Unit <ripple_adder_8bit> synthesized.

Synthesizing Unit <full_adder>.
    Related source file is "C:\Users\sama.co\Downloads\FarshidNooshi(9831068)_AmirForoughi(9831045)_8\8\az8plusplus\full_adder.vhd".
    Summary:
Unit <full_adder> synthesized.

=========================================================================
HDL Synthesis Report

Macro Statistics
# Latches                                              : 8
 1-bit latch                                           : 8
# Multiplexers                                         : 8
 1-bit 5-to-1 multiplexer                              : 8
# Xors                                                 : 33
 1-bit xor2                                            : 32
 8-bit xor2                                            : 1

=========================================================================

=========================================================================
*                       Advanced HDL Synthesis                          *
=========================================================================


=========================================================================
Advanced HDL Synthesis Report

Macro Statistics
# Multiplexers                                         : 8
 1-bit 5-to-1 multiplexer                              : 8
# Xors                                                 : 33
 1-bit xor2                                            : 32
 8-bit xor2                                            : 1

=========================================================================

=========================================================================
*                         Low Level Synthesis                           *
=========================================================================

Optimizing unit <alu> ...

Optimizing unit <ripple_adder_8bit> ...

Mapping all equations...
Building and optimizing final netlist ...
Found area constraint ratio of 100 (+ 5) on block alu, actual ratio is 0.

Final Macro Processing ...

=========================================================================
Final Register Report

Found no macro
=========================================================================

=========================================================================
*                           Partition Report                            *
=========================================================================

Partition Implementation Status
-------------------------------

  No Partitions were found in this design.

-------------------------------

=========================================================================
*                            Design Summary                             *
=========================================================================

Top Level Output File Name         : alu.ngc

Primitive and Black Box Usage:
------------------------------
# BELS                             : 30
#      LUT2                        : 2
#      LUT3                        : 5
#      LUT4                        : 9
#      LUT5                        : 5
#      LUT6                        : 9
# FlipFlops/Latches                : 8
#      LD                          : 8
# IO Buffers                       : 27
#      IBUF                        : 19
#      OBUF                        : 8

Device utilization summary:
---------------------------

Selected Device : 7a100tcsg324-3 


Slice Logic Utilization: 
 Number of Slice LUTs:                   30  out of  63400     0%  
    Number used as Logic:                30  out of  63400     0%  

Slice Logic Distribution: 
 Number of LUT Flip Flop pairs used:     30
   Number with an unused Flip Flop:      30  out of     30   100%  
   Number with an unused LUT:             0  out of     30     0%  
   Number of fully used LUT-FF pairs:     0  out of     30     0%  
   Number of unique control sets:         1

IO Utilization: 
 Number of IOs:                          27
 Number of bonded IOBs:                  27  out of    210    12%  
    IOB Flip Flops/Latches:               8

Specific Feature Utilization:

---------------------------
Partition Resource Summary:
---------------------------

  No Partitions were found in this design.

---------------------------


=========================================================================
Timing Report

NOTE: THESE TIMING NUMBERS ARE ONLY A SYNTHESIS ESTIMATE.
      FOR ACCURATE TIMING INFORMATION PLEASE REFER TO THE TRACE REPORT
      GENERATED AFTER PLACE-and-ROUTE.

Clock Information:
------------------
---------------------------------------------------+------------------------+-------+
Clock Signal                                       | Clock buffer(FF name)  | Load  |
---------------------------------------------------+------------------------+-------+
GND_3_o_GND_3_o_OR_16_o(GND_3_o_GND_3_o_OR_16_o1:O)| NONE(*)(result_6)      | 8     |
---------------------------------------------------+------------------------+-------+
(*) This 1 clock signal(s) are generated by combinatorial logic,
and XST is not able to identify which are the primary clock signals.
Please use the CLOCK_SIGNAL constraint to specify the clock signal(s) generated by combinatorial logic.
INFO:Xst:2169 - HDL ADVISOR - Some clock signals were not automatically buffered by XST with BUFG/BUFR resources. Please use the buffer_type constraint in order to insert these buffers to the clock signals to help prevent skew problems.

Asynchronous Control Signals Information:
----------------------------------------
No asynchronous control signals found in this design

Timing Summary:
---------------
Speed Grade: -3

   Minimum period: No path found
   Minimum input arrival time before clock: 2.910ns
   Maximum output required time after clock: 0.751ns
   Maximum combinational path delay: No path found

Timing Details:
---------------
All values displayed in nanoseconds (ns)

=========================================================================
Timing constraint: Default OFFSET IN BEFORE for Clock 'GND_3_o_GND_3_o_OR_16_o'
  Total number of paths / destination ports: 166 / 8
-------------------------------------------------------------------------
Offset:              2.910ns (Levels of Logic = 6)
  Source:            b<2> (PAD)
  Destination:       result_7 (LATCH)
  Destination Clock: GND_3_o_GND_3_o_OR_16_o falling

  Data Path: b<2> to result_7
                                Gate     Net
    Cell:in->out      fanout   Delay   Delay  Logical Name (Net Name)
    ----------------------------------------  ------------
     IBUF:I->O             4   0.001   0.707  b_2_IBUF (b_2_IBUF)
     LUT6:I0->O            3   0.097   0.521  subtraction/instance3/cout1 (subtraction/cout<2>)
     LUT5:I2->O            3   0.097   0.521  subtraction/instance5/cout1 (subtraction/cout<4>)
     LUT5:I2->O            1   0.097   0.379  subtraction/instance7/cout1 (subtraction/cout<6>)
     LUT6:I4->O            1   0.097   0.295  Mmux_result[7]_sum[7]_MUX_13_o11 (Mmux_result[7]_sum[7]_MUX_13_o1)
     LUT4:I3->O            1   0.097   0.000  Mmux_result[7]_sum[7]_MUX_13_o12 (result[7]_sum[7]_MUX_13_o)
     LD:D                     -0.028          result_7
    ----------------------------------------
    Total                      2.910ns (0.486ns logic, 2.424ns route)
                                       (16.7% logic, 83.3% route)

=========================================================================
Timing constraint: Default OFFSET OUT AFTER for Clock 'GND_3_o_GND_3_o_OR_16_o'
  Total number of paths / destination ports: 8 / 8
-------------------------------------------------------------------------
Offset:              0.751ns (Levels of Logic = 1)
  Source:            result_7 (LATCH)
  Destination:       result<7> (PAD)
  Source Clock:      GND_3_o_GND_3_o_OR_16_o falling

  Data Path: result_7 to result<7>
                                Gate     Net
    Cell:in->out      fanout   Delay   Delay  Logical Name (Net Name)
    ----------------------------------------  ------------
     LD:G->Q               1   0.472   0.279  result_7 (result_7)
     OBUF:I->O                 0.000          result_7_OBUF (result<7>)
    ----------------------------------------
    Total                      0.751ns (0.472ns logic, 0.279ns route)
                                       (62.8% logic, 37.2% route)

=========================================================================

Cross Clock Domains Report:
--------------------------

=========================================================================


Total REAL time to Xst completion: 13.00 secs
Total CPU time to Xst completion: 12.65 secs
 
--> 

Total memory usage is 4690444 kilobytes

Number of errors   :    0 (   0 filtered)
Number of warnings :    9 (   0 filtered)
Number of infos    :    3 (   0 filtered)

